// Vitest Snapshot v1, https://vitest.dev/guide/snapshot.html

exports[`BrComponent > render > should render a single component 1`] = `"<br-node-component-stub component=\\"some component\\"></br-node-component-stub>"`;
