// Vitest Snapshot v1, https://vitest.dev/guide/snapshot.html

exports[`BrContainerItemUndefined > render > should render an undefined container item 1`] = `"Component \\"Some Component\\" is not defined."`;
