// Vitest Snapshot v1, https://vitest.dev/guide/snapshot.html

exports[`BrContainerOrderedList > render > should render container's children 1`] = `"<ol class=\\"hst-container\\"></ol>"`;

exports[`BrContainerOrderedList > render > should render preview classes 1`] = `"<ol class=\\"hst-container\\"></ol>"`;
