// Jest Snapshot v1, https://goo.gl/fbAQLP

exports[`BrContainerBoxComponent isPreview should add "hst-container-*" classes in preview 1`] = `
<div
  class="hst-container"
  id="root1"
>
  <div
    class="hst-container-item"
  >
    
  </div>
  <div
    class="hst-container-item"
  >
    
  </div>
  
</div>
`;

exports[`BrContainerBoxComponent should render a message 1`] = `
<div
  id="root0"
>
  <div>
    
  </div>
  <div>
    
  </div>
  
</div>
`;
